[backblue.gif]
[fade.gif]
[index.html]
[www.weibergmedia.com/demos/bw/js/modernizr.custom.js]
[www.weibergmedia.com/demos/bw/images/project02.jpg]
[www.weibergmedia.com/demos/bw/images/about11.jpg]
[www.weibergmedia.com/demos/bw/images/about12.jpg]
[www.weibergmedia.com/demos/bw/images/about10.jpg]
[www.weibergmedia.com/demos/bw/images/spotify.png]
[www.weibergmedia.com/demos/bw/images/unilever.png]
[www.weibergmedia.com/demos/bw/images/sass.png]
[www.weibergmedia.com/demos/bw/images/envato.png]
[www.weibergmedia.com/demos/bw/images/apple.png]
[www.weibergmedia.com/demos/bw/images/wordpress.png]
[www.weibergmedia.com/demos/bw/js/jquery-1.11.2.min.js]
[www.weibergmedia.com/demos/bw/js/jquery-easing-1.3.js]
[www.weibergmedia.com/demos/bw/js/jquery.touchSwipe.min.js]
[www.weibergmedia.com/demos/bw/js/jquery.nav.js]
[www.weibergmedia.com/demos/bw/js/input.fields.js]
[www.weibergmedia.com/demos/bw/js/jquery.form.js]
[www.weibergmedia.com/demos/bw/js/starter.js]
[www.weibergmedia.com/demos/bw/js/responsive-nav.js]
[www.weibergmedia.com/demos/bw/js/jquery.flexslider-min.js]
[www.weibergmedia.com/demos/bw/js/jquery.sticky.js]
[www.weibergmedia.com/demos/bw/js/jquery.mb.YTPlayer.js]
[www.weibergmedia.com/demos/bw/js/jquery.lettering.js]
[www.weibergmedia.com/demos/bw/js/jquery.textillate.js]
[www.weibergmedia.com/demos/bw/js/general-lettering.js]
[www.weibergmedia.com/demos/bw/js/ajax.js]
[www.weibergmedia.com/demos/bw/js/bootstrap.min.js]
[www.weibergmedia.com/demos/bw/js/jquery.mixitup.min.js]
[www.weibergmedia.com/demos/bw/js/jquery.fitvids.js]
[www.weibergmedia.com/demos/bw/js/jquery.fancybox.pack.js]
[www.weibergmedia.com/demos/bw/js/jquery.lazyload.js]
[www.weibergmedia.com/demos/bw/index.html]
[www.weibergmedia.com/demos/bw/css/reset.css]
[www.weibergmedia.com/demos/bw/css/bootstrap.min.css]
[www.weibergmedia.com/demos/bw/fonts/fontawesome-webfont3295.eot]
[www.weibergmedia.com/demos/bw/fonts/fontawesome-webfontd41d.eot]
[www.weibergmedia.com/demos/bw/fonts/fontawesome-webfont3295.woff]
[www.weibergmedia.com/demos/bw/fonts/fontawesome-webfont3295.ttf]
[www.weibergmedia.com/demos/bw/css/font-awesome.min.css]
[www.weibergmedia.com/demos/bw/css/contact.css]
[www.weibergmedia.com/demos/bw/images/bg-logo@2x.png]
[www.weibergmedia.com/demos/bw/images/bg-arrow-down@2x.png]
[www.weibergmedia.com/demos/bw/images/fullscreen10.jpg]
[www.weibergmedia.com/demos/bw/images/fullscreen12.jpg]
[www.weibergmedia.com/demos/bw/images/fullscreen.jpg]
[www.weibergmedia.com/demos/bw/images/fullscreen14.jpg]
[www.weibergmedia.com/demos/bw/images/fullscreen13.jpg]
[www.weibergmedia.com/demos/bw/images/arrow-left.png]
[www.weibergmedia.com/demos/bw/images/arrow-right.png]
[www.weibergmedia.com/demos/bw/images/bg-close-dark@2x.png]
[www.weibergmedia.com/demos/bw/images/icons/bg-map@2x.png]
[www.weibergmedia.com/demos/bw/images/icons/bg-winner@2x.png]
[www.weibergmedia.com/demos/bw/images/icons/bg-time@2x.png]
[www.weibergmedia.com/demos/bw/images/icons/bg-pig@2x.png]
[www.weibergmedia.com/demos/bw/images/icons/bg-adjust@2x.png]
[www.weibergmedia.com/demos/bw/images/icons/bg-team@2x.png]
[www.weibergmedia.com/demos/bw/images/icons/bg-works@2x.png]
[www.weibergmedia.com/demos/bw/images/icons/bg-chat@2x.png]
[www.weibergmedia.com/demos/bw/images/icons/bg-notes@2x.png]
[www.weibergmedia.com/demos/bw/images/icons/bg-camera@2x.png]
[www.weibergmedia.com/demos/bw/images/icons/bg-illustration@2x.png]
[www.weibergmedia.com/demos/bw/images/icons/bg-social@2x.png]
[www.weibergmedia.com/demos/bw/images/icons/bg-vector@2x.png]
[www.weibergmedia.com/demos/bw/images/icons/bg-commerce@2x.png]
[www.weibergmedia.com/demos/bw/images/icons/bg-search@2x.png]
[www.weibergmedia.com/demos/bw/images/icons/bg-like@2x.png]
[www.weibergmedia.com/demos/bw/images/icons/bg-share@2x.png]
[www.weibergmedia.com/demos/bw/images/icons/bg-document@2x.png]
[www.weibergmedia.com/demos/bw/images/icons/bg-apple@2x.png]
[www.weibergmedia.com/demos/bw/images/icons/bg-balance@2x.png]
[www.weibergmedia.com/demos/bw/images/icons/bg-beaker@2x.png]
[www.weibergmedia.com/demos/bw/images/icons/bg-beer@2x.png]
[www.weibergmedia.com/demos/bw/images/icons/bg-books@2x.png]
[www.weibergmedia.com/demos/bw/images/icons/bg-box@2x.png]
[www.weibergmedia.com/demos/bw/images/icons/bg-cake@2x.png]
[www.weibergmedia.com/demos/bw/images/icons/bg-cd@2x.png]
[www.weibergmedia.com/demos/bw/images/icons/bg-champagne@2x.png]
[www.weibergmedia.com/demos/bw/images/icons/bg-chart@2x.png]
[www.weibergmedia.com/demos/bw/images/icons/bg-cheese@2x.png]
[www.weibergmedia.com/demos/bw/images/icons/bg-court@2x.png]
[www.weibergmedia.com/demos/bw/images/icons/bg-delivery@2x.png]
[www.weibergmedia.com/demos/bw/images/icons/bg-dvd@2x.png]
[www.weibergmedia.com/demos/bw/images/icons/bg-eco@2x.png]
[www.weibergmedia.com/demos/bw/images/icons/bg-film@2x.png]
[www.weibergmedia.com/demos/bw/images/icons/bg-grape@2x.png]
[www.weibergmedia.com/demos/bw/images/icons/bg-hot@2x.png]
[www.weibergmedia.com/demos/bw/images/icons/bg-house@2x.png]
[www.weibergmedia.com/demos/bw/images/icons/bg-icecream@2x.png]
[www.weibergmedia.com/demos/bw/images/icons/bg-joystick@2x.png]
[www.weibergmedia.com/demos/bw/images/icons/bg-keynote@2x.png]
[www.weibergmedia.com/demos/bw/images/icons/bg-link@2x.png]
[www.weibergmedia.com/demos/bw/images/icons/bg-magic@2x.png]
[www.weibergmedia.com/demos/bw/images/icons/bg-mail@2x.png]
[www.weibergmedia.com/demos/bw/images/icons/bg-microphone@2x.png]
[www.weibergmedia.com/demos/bw/images/icons/bg-network@2x.png]
[www.weibergmedia.com/demos/bw/images/icons/bg-palette@2x.png]
[www.weibergmedia.com/demos/bw/images/icons/bg-plaster@2x.png]
[www.weibergmedia.com/demos/bw/images/icons/bg-player@2x.png]
[www.weibergmedia.com/demos/bw/images/icons/bg-polaroid@2x.png]
[www.weibergmedia.com/demos/bw/images/icons/bg-printer@2x.png]
[www.weibergmedia.com/demos/bw/images/icons/bg-pulse@2x.png]
[www.weibergmedia.com/demos/bw/images/icons/bg-radio@2x.png]
[www.weibergmedia.com/demos/bw/images/icons/bg-recorder@2x.png]
[www.weibergmedia.com/demos/bw/images/icons/bg-scissors@2x.png]
[www.weibergmedia.com/demos/bw/images/icons/bg-select@2x.png]
[www.weibergmedia.com/demos/bw/images/icons/bg-serving@2x.png]
[www.weibergmedia.com/demos/bw/images/icons/bg-shop@2x.png]
[www.weibergmedia.com/demos/bw/images/icons/bg-shopping@2x.png]
[www.weibergmedia.com/demos/bw/images/icons/bg-smartphone@2x.png]
[www.weibergmedia.com/demos/bw/images/icons/bg-sofa@2x.png]
[www.weibergmedia.com/demos/bw/images/icons/bg-syringe@2x.png]
[www.weibergmedia.com/demos/bw/images/icons/bg-tape@2x.png]
[www.weibergmedia.com/demos/bw/images/icons/bg-target@2x.png]
[www.weibergmedia.com/demos/bw/images/icons/bg-television@2x.png]
[www.weibergmedia.com/demos/bw/images/icons/bg-video@2x.png]
[www.weibergmedia.com/demos/bw/images/icons/bg-walkman@2x.png]
[www.weibergmedia.com/demos/bw/images/icons/bg-zoom@2x.png]
[www.weibergmedia.com/demos/bw/images/icons/bg-tags@2x.png]
[www.weibergmedia.com/demos/bw/images/icons/bg-quote@2x.png]
[www.weibergmedia.com/demos/bw/images/bg-quote@2x.png]
[www.weibergmedia.com/demos/bw/images/icons/bg-search-widget@2x.png]
[www.weibergmedia.com/demos/bw/images/icons/bg-close@2x.png]
[www.weibergmedia.com/demos/bw/images/icons/bg-prev@2x.png]
[www.weibergmedia.com/demos/bw/images/icons/bg-next@2x.png]
[www.weibergmedia.com/demos/bw/css/styles.css]
[www.weibergmedia.com/demos/bw/images/bg-next@2x.png]
[www.weibergmedia.com/demos/bw/images/bg-prev@2x.png]
[www.weibergmedia.com/demos/bw/css/flexslider.css]
[www.weibergmedia.com/demos/bw/images/bg-close@2x.png]
[www.weibergmedia.com/demos/bw/css/jquery.fancybox.css]
[www.weibergmedia.com/demos/bw/css/animate.css]
[www.weibergmedia.com/demos/bw/css/responsive.css]
[www.weibergmedia.com/demos/bw/images/project06.jpg]
[www.weibergmedia.com/demos/bw/images/about15.jpg]
[www.weibergmedia.com/demos/bw/images/project09.jpg]
[www.weibergmedia.com/demos/bw/images/about16.jpg]
[www.weibergmedia.com/demos/bw/images/project05.jpg]
[www.weibergmedia.com/demos/bw/js/jquery.isotope2.min.js]
[www.weibergmedia.com/demos/bw/js/packery-mode.pkgd.min.js]
[www.weibergmedia.com/demos/bw/js/jquery.isotope.load.js]
[www.weibergmedia.com/demos/bw/js/general-lettering-blog.js]
[www.weibergmedia.com/demos/bw/blog.html]
[www.weibergmedia.com/demos/bw/ajax/project1.html]
[www.weibergmedia.com/demos/bw/ajax/project2.html]
[www.weibergmedia.com/demos/bw/ajax/project3.html]
[www.weibergmedia.com/demos/bw/ajax/project4.html]
[www.weibergmedia.com/demos/bw/ajax/project5.html]
[www.weibergmedia.com/demos/bw/ajax/project6.html]
[www.weibergmedia.com/demos/bw/ajax/project8.html]
[www.weibergmedia.com/demos/bw/fonts/glyphicons-halflings-regular.html]
[www.weibergmedia.com/demos/bw/fonts/glyphicons-halflings-regulard41d.html]
[www.weibergmedia.com/demos/bw/fonts/glyphicons-halflings-regular-2.html]
[www.weibergmedia.com/demos/bw/fonts/glyphicons-halflings-regular-3.html]
[www.weibergmedia.com/demos/bw/fonts/glyphicons-halflings-regular-4.html]
[www.weibergmedia.com/demos/bw/fonts/glyphicons-halflings-regular-5.html]
[www.weibergmedia.com/demos/bw/fonts/fontawesome-webfont3295.html]
[www.weibergmedia.com/demos/bw/fonts/fontawesome-webfont3295.svg]
[www.weibergmedia.com/demos/bw/images/icons/bg-calcuLator@2x.html]
[www.weibergmedia.com/demos/bw/images/icons/bg-certified@2x.html]
[www.weibergmedia.com/demos/bw/images/icons/bg-mediation@2x.html]
[www.weibergmedia.com/demos/bw/css/fancybox_sprite.html]
[www.weibergmedia.com/demos/bw/images/ajax-loader2.html]
[www.weibergmedia.com/demos/bw/css/blank.html]
[www.weibergmedia.com/demos/bw/post.html]
[www.weibergmedia.com/demos/bw/js/jquery.ba-bbq.min.html]
[www.weibergmedia.com/demos/bw/ajax/images/project06-large.html]
[www.weibergmedia.com/demos/bw/ajax/ajax/project8.html]
[www.weibergmedia.com/demos/bw/ajax/ajax/project2.html]
[www.weibergmedia.com/demos/bw/ajax/images/project08-large.html]
[www.weibergmedia.com/demos/bw/ajax/ajax/project1.html]
[www.weibergmedia.com/demos/bw/ajax/ajax/project3.html]
[www.weibergmedia.com/demos/bw/ajax/js/jquery.fitvids.html]
[www.weibergmedia.com/demos/bw/ajax/ajax/project4.html]
[www.weibergmedia.com/demos/bw/ajax/ajax/project5.html]
[www.weibergmedia.com/demos/bw/ajax/images/project04-large.html]
[www.weibergmedia.com/demos/bw/ajax/images/project09-large.html]
[www.weibergmedia.com/demos/bw/ajax/ajax/project6.html]
[www.weibergmedia.com/demos/bw/ajax/images/project05-b.html]
[www.weibergmedia.com/demos/bw/ajax/images/project05-a.html]
[www.weibergmedia.com/demos/bw/ajax/js/jquery.flexslider-min.html]
[www.weibergmedia.com/demos/bw/ajax/ajax/project7.html]
[www.weibergmedia.com/demos/bw/ajax/images/project07-large.html]
